This file contains any messages produced by compilers while
running configure, to aid debugging if configure makes a mistake.

It was created by Wine configure 10.0, which was
generated by GNU Autoconf 2.72.  Invocation command line was

  $ /media/Projects/wine_compile/proton-ge-custom/wine/configure

## --------- ##
## Platform. ##
## --------- ##

hostname = Kalvario
uname -m = x86_64
uname -r = 6.19.5-tkg-eevdf
uname -s = Linux
uname -v = #1 SMP PREEMPT_DYNAMIC TKG Tue Mar  3 08:35:47 MSK 2026

/usr/bin/uname -p = unknown
/bin/uname -X     = unknown

/bin/arch              = x86_64
/usr/bin/arch -k       = unknown
/usr/convex/getsysinfo = unknown
/usr/bin/hostinfo      = unknown
/bin/machine           = unknown
/usr/bin/oslevel       = unknown
/bin/universe          = unknown

PATH: /home/freeman/.local/bin/
PATH: /usr/local/bin/
PATH: /usr/bin/
PATH: /bin/
PATH: /usr/local/games/
PATH: /usr/games/
PATH: /home/freeman/.lmstudio/bin/


## ----------- ##
## Core tests. ##
## ----------- ##

configure:4177: looking for aux files: config.guess config.sub
configure:4190:  trying ./tools/
configure:4219:   ./tools/config.guess found
configure:4219:   ./tools/config.sub found
configure:4761: checking build system type
configure:4777: result: x86_64-pc-linux-gnu
configure:4797: checking host system type
configure:4812: result: x86_64-pc-linux-gnu
configure:4953: checking for gcc
configure:4974: found /usr/bin/gcc
configure:4986: result: gcc
configure:5345: checking for C compiler version
configure:5354: gcc --version >&5
gcc (Astra 15.2.0-14) 15.2.0
Copyright (C) 2025 Free Software Foundation, Inc.
This is free software; see the source for copying conditions.  There is NO
warranty; not even for MERCHANTABILITY or FITNESS FOR A PARTICULAR PURPOSE.

configure:5365: $? = 0
configure:5354: gcc -v >&5
Using built-in specs.
COLLECT_GCC=gcc
COLLECT_LTO_WRAPPER=/usr/libexec/gcc/x86_64-linux-gnu/15/lto-wrapper
OFFLOAD_TARGET_NAMES=nvptx-none:amdgcn-amdhsa
OFFLOAD_TARGET_DEFAULT=1
Target: x86_64-linux-gnu
Configured with: ../src/configure -v --with-pkgversion='Astra 15.2.0-14' --with-bugurl=file:///usr/share/doc/gcc-15/README.Bugs --enable-languages=c,ada,c++,go,d,fortran,objc,obj-c++,m2,rust,cobol,algol68 --prefix=/usr --with-gcc-major-version-only --program-suffix=-15 --program-prefix=x86_64-linux-gnu- --enable-shared --enable-linker-build-id --libexecdir=/usr/libexec --without-included-gettext --enable-threads=posix --libdir=/usr/lib --enable-nls --enable-bootstrap --enable-clocale=gnu --enable-libstdcxx-debug --enable-libstdcxx-time=yes --with-default-libstdcxx-abi=new --enable-libstdcxx-backtrace --enable-gnu-unique-object --disable-vtable-verify --enable-plugin --with-system-zlib --enable-libphobos-checking=release --with-target-system-zlib=auto --enable-objc-gc=auto --enable-multiarch --disable-werror --enable-cet --with-arch-32=i686 --with-abi=m64 --with-multilib-list=m32,m64,mx32 --enable-multilib --with-tune=generic --enable-offload-targets=nvptx-none=/media/Developer/osc/debina/gcc/base/gcc-15-15.2.0/debian/tmp-nvptx/usr,amdgcn-amdhsa=/media/Developer/osc/debina/gcc/base/gcc-15-15.2.0/debian/tmp-gcn/usr --enable-offload-defaulted --without-cuda-driver --enable-checking=release --build=x86_64-linux-gnu --host=x86_64-linux-gnu --target=x86_64-linux-gnu --with-build-config=bootstrap-lto-lean --enable-link-serialization=10
Thread model: posix
Supported LTO compression algorithms: zlib zstd
gcc version 15.2.0 (Astra 15.2.0-14) 
... rest of stderr output deleted ...
configure:5365: $? = 0
configure:5354: gcc -V >&5
gcc: error: unrecognized command-line option '-V'
gcc: fatal error: no input files
compilation terminated.
configure:5365: $? = 1
configure:5354: gcc -qversion >&5
gcc: error: unrecognized command-line option '-qversion'; did you mean '--version'?
gcc: fatal error: no input files
compilation terminated.
configure:5365: $? = 1
configure:5354: gcc -version >&5
gcc: error: unrecognized command-line option '-version'
gcc: fatal error: no input files
compilation terminated.
configure:5365: $? = 1
configure:5385: checking whether the C compiler works
configure:5407: gcc    conftest.c  >&5
configure:5411: $? = 0
configure:5462: result: yes
configure:5466: checking for C compiler default output file name
configure:5468: result: a.out
configure:5474: checking for suffix of executables
configure:5481: gcc -o conftest    conftest.c  >&5
configure:5485: $? = 0
configure:5509: result: 
configure:5533: checking whether we are cross compiling
configure:5541: gcc -o conftest    conftest.c  >&5
configure:5545: $? = 0
configure:5552: ./conftest
configure:5556: $? = 0
configure:5571: result: no
configure:5577: checking for suffix of object files
configure:5600: gcc -c   conftest.c >&5
configure:5604: $? = 0
configure:5628: result: o
configure:5632: checking whether the compiler supports GNU C
configure:5652: gcc -c   conftest.c >&5
configure:5652: $? = 0
configure:5664: result: yes
configure:5675: checking whether gcc accepts -g
configure:5696: gcc -c -g  conftest.c >&5
configure:5696: $? = 0
configure:5743: result: yes
configure:5763: checking for gcc option to enable C11 features
configure:5778: gcc  -c -g -O2  conftest.c >&5
configure:5778: $? = 0
configure:5797: result: none needed
configure:5985: checking for g++
configure:6006: found /usr/bin/g++
configure:6018: result: g++
configure:6045: checking for C++ compiler version
configure:6054: g++ --version >&5
g++ (Astra 15.2.0-14) 15.2.0
Copyright (C) 2025 Free Software Foundation, Inc.
This is free software; see the source for copying conditions.  There is NO
warranty; not even for MERCHANTABILITY or FITNESS FOR A PARTICULAR PURPOSE.

configure:6065: $? = 0
configure:6054: g++ -v >&5
Using built-in specs.
COLLECT_GCC=g++
COLLECT_LTO_WRAPPER=/usr/libexec/gcc/x86_64-linux-gnu/15/lto-wrapper
OFFLOAD_TARGET_NAMES=nvptx-none:amdgcn-amdhsa
OFFLOAD_TARGET_DEFAULT=1
Target: x86_64-linux-gnu
Configured with: ../src/configure -v --with-pkgversion='Astra 15.2.0-14' --with-bugurl=file:///usr/share/doc/gcc-15/README.Bugs --enable-languages=c,ada,c++,go,d,fortran,objc,obj-c++,m2,rust,cobol,algol68 --prefix=/usr --with-gcc-major-version-only --program-suffix=-15 --program-prefix=x86_64-linux-gnu- --enable-shared --enable-linker-build-id --libexecdir=/usr/libexec --without-included-gettext --enable-threads=posix --libdir=/usr/lib --enable-nls --enable-bootstrap --enable-clocale=gnu --enable-libstdcxx-debug --enable-libstdcxx-time=yes --with-default-libstdcxx-abi=new --enable-libstdcxx-backtrace --enable-gnu-unique-object --disable-vtable-verify --enable-plugin --with-system-zlib --enable-libphobos-checking=release --with-target-system-zlib=auto --enable-objc-gc=auto --enable-multiarch --disable-werror --enable-cet --with-arch-32=i686 --with-abi=m64 --with-multilib-list=m32,m64,mx32 --enable-multilib --with-tune=generic --enable-offload-targets=nvptx-none=/media/Developer/osc/debina/gcc/base/gcc-15-15.2.0/debian/tmp-nvptx/usr,amdgcn-amdhsa=/media/Developer/osc/debina/gcc/base/gcc-15-15.2.0/debian/tmp-gcn/usr --enable-offload-defaulted --without-cuda-driver --enable-checking=release --build=x86_64-linux-gnu --host=x86_64-linux-gnu --target=x86_64-linux-gnu --with-build-config=bootstrap-lto-lean --enable-link-serialization=10
Thread model: posix
Supported LTO compression algorithms: zlib zstd
gcc version 15.2.0 (Astra 15.2.0-14) 
... rest of stderr output deleted ...
configure:6065: $? = 0
configure:6054: g++ -V >&5
g++: error: unrecognized command-line option '-V'
g++: fatal error: no input files
compilation terminated.
configure:6065: $? = 1
configure:6054: g++ -qversion >&5
g++: error: unrecognized command-line option '-qversion'; did you mean '--version'?
g++: fatal error: no input files
compilation terminated.
configure:6065: $? = 1
configure:6069: checking whether the compiler supports GNU C++
configure:6089: g++ -c   conftest.cpp >&5
configure:6089: $? = 0
configure:6101: result: yes
configure:6112: checking whether g++ accepts -g
configure:6133: g++ -c -g  conftest.cpp >&5
configure:6133: $? = 0
configure:6180: result: yes
configure:6200: checking for g++ option to enable C++11 features
configure:6215: g++  -c -g -O2  conftest.cpp >&5
conftest.cpp: In function 'int main(int, char**)':
conftest.cpp:175:25: warning: empty parentheses were disambiguated as a function declaration [-Wvexing-parse]
  175 |   cxx11test::delegate d2();
      |                         ^~
conftest.cpp:175:25: note: remove parentheses to default-initialize a variable
  175 |   cxx11test::delegate d2();
      |                         ^~
      |                         --
conftest.cpp:175:25: note: or replace parentheses with braces to value-initialize a variable
configure:6215: $? = 0
configure:6234: result: none needed
configure:6352: checking for cpp
configure:6373: found /usr/bin/cpp
configure:6385: result: cpp
configure:6459: checking for ld
configure:6480: found /usr/bin/ld
configure:6492: result: ld
configure:6533: checking whether gcc -m32 works
configure:6550: gcc -m32 -o conftest -g -O2   conftest.c  >&5
configure:6550: $? = 0
configure:6561: result: yes
configure:6670: checking for the directory containing the Wine tools
configure:6686: result: 
configure:6713: checking for flex
configure:6734: found /usr/bin/flex
configure:6746: result: flex
configure:6762: checking whether flex is recent enough
configure:6782: result: yes
configure:6790: checking for bison
configure:6811: found /usr/bin/bison
configure:6823: result: bison
configure:6839: checking whether bison is recent enough
configure:6858: result: yes
configure:6911: checking for strip
configure:6932: found /usr/bin/strip
configure:6944: result: strip
configure:6966: checking whether ln -s works
configure:6970: result: yes
configure:6981: checking for pkg-config
configure:7002: found /usr/bin/pkg-config
configure:7014: result: pkg-config
configure:7354: checking for msgfmt
configure:7375: found /usr/bin/msgfmt
configure:7387: result: msgfmt
configure:7401: checking whether msgfmt supports contexts
configure:7421: result: yes
configure:7440: checking for i386_set_ldt in -li386
configure:7469: gcc -m32 -o conftest -g -O2   conftest.c -li386   >&5
/usr/bin/ld: cannot find -li386: No such file or directory
collect2: error: ld returned 1 exit status
configure:7469: $? = 1
configure: failed program was:
| /* confdefs.h */
| #define PACKAGE_NAME "Wine"
| #define PACKAGE_TARNAME "wine"
| #define PACKAGE_VERSION "10.0"
| #define PACKAGE_STRING "Wine 10.0"
| #define PACKAGE_BUGREPORT "wine-devel@winehq.org"
| #define PACKAGE_URL "https://www.winehq.org"
| #define EXEEXT ""
| /* end confdefs.h.  */
| 
| /* Override any GCC internal prototype to avoid an error.
|    Use char because int might match the return type of a GCC
|    builtin and then its argument prototype would still apply.
|    The 'extern "C"' is for builds by C++ compilers;
|    although this is not generally supported in C code supporting it here
|    has little cost and some practical benefit (sr 110532).  */
| #ifdef __cplusplus
| extern "C"
| #endif
| char i386_set_ldt (void);
| int
| main (void)
| {
| return i386_set_ldt ();
|   ;
|   return 0;
| }
configure:7481: result: no
configure:7501: checking for  option for large files
configure:7536: gcc -m32 -c -g -O2  conftest.c >&5
conftest.c:18:39: warning: result of '-2147483648 << 31' requires 63 bits to represent, but 'long int' only has 32 bits [-Wshift-overflow=]
   18 | #define LARGE_FTYPE (((FTYPE) 1 << 31 << 31) - 1 + ((FTYPE) 1 << 31 << 31))
      |                                       ^~
conftest.c:19:23: note: in expansion of macro 'LARGE_FTYPE'
   19 |   int FTYPE_is_large[(LARGE_FTYPE % 2147483629 == 721
      |                       ^~~~~~~~~~~
conftest.c:18:69: warning: result of '-2147483648 << 31' requires 63 bits to represent, but 'long int' only has 32 bits [-Wshift-overflow=]
   18 | #define LARGE_FTYPE (((FTYPE) 1 << 31 << 31) - 1 + ((FTYPE) 1 << 31 << 31))
      |                                                                     ^~
conftest.c:19:23: note: in expansion of macro 'LARGE_FTYPE'
   19 |   int FTYPE_is_large[(LARGE_FTYPE % 2147483629 == 721
      |                       ^~~~~~~~~~~
conftest.c:18:39: warning: result of '-2147483648 << 31' requires 63 bits to represent, but 'long int' only has 32 bits [-Wshift-overflow=]
   18 | #define LARGE_FTYPE (((FTYPE) 1 << 31 << 31) - 1 + ((FTYPE) 1 << 31 << 31))
      |                                       ^~
conftest.c:20:27: note: in expansion of macro 'LARGE_FTYPE'
   20 |                        && LARGE_FTYPE % 2147483647 == 1)
      |                           ^~~~~~~~~~~
conftest.c:18:69: warning: result of '-2147483648 << 31' requires 63 bits to represent, but 'long int' only has 32 bits [-Wshift-overflow=]
   18 | #define LARGE_FTYPE (((FTYPE) 1 << 31 << 31) - 1 + ((FTYPE) 1 << 31 << 31))
      |                                                                     ^~
conftest.c:20:27: note: in expansion of macro 'LARGE_FTYPE'
   20 |                        && LARGE_FTYPE % 2147483647 == 1)
      |                           ^~~~~~~~~~~
conftest.c:19:7: error: variably modified 'FTYPE_is_large' at file scope
   19 |   int FTYPE_is_large[(LARGE_FTYPE % 2147483629 == 721
      |       ^~~~~~~~~~~~~~
configure:7536: $? = 1
configure: failed program was:
| /* confdefs.h */
| #define PACKAGE_NAME "Wine"
| #define PACKAGE_TARNAME "wine"
| #define PACKAGE_VERSION "10.0"
| #define PACKAGE_STRING "Wine 10.0"
| #define PACKAGE_BUGREPORT "wine-devel@winehq.org"
| #define PACKAGE_URL "https://www.winehq.org"
| #define EXEEXT ""
| /* end confdefs.h.  */
| #include <sys/types.h>
| #ifndef FTYPE
| # define FTYPE off_t
| #endif
|  /* Check that FTYPE can represent 2**63 - 1 correctly.
|     We can't simply define LARGE_FTYPE to be 9223372036854775807,
|     since some C++ compilers masquerading as C compilers
|     incorrectly reject 9223372036854775807.  */
| #define LARGE_FTYPE (((FTYPE) 1 << 31 << 31) - 1 + ((FTYPE) 1 << 31 << 31))
|   int FTYPE_is_large[(LARGE_FTYPE % 2147483629 == 721
| 		       && LARGE_FTYPE % 2147483647 == 1)
| 		      ? 1 : -1];
| int
| main (void)
| {
| 
|   ;
|   return 0;
| }
configure:7536: gcc -m32 -c -g -O2  -D_FILE_OFFSET_BITS=64 conftest.c >&5
configure:7536: $? = 0
configure:7567: result: -D_FILE_OFFSET_BITS=64
configure:7592: checking for  option for timestamps after 2038
configure:7624: gcc -m32 -c -g -O2  conftest.c >&5
conftest.c:15:43: warning: integer overflow in expression of type 'long int' results in '-1073741824' [-Woverflow]
   15 |     ((time_t) (((time_t) 1 << 30) - 1 + 3 * ((time_t) 1 << 30)))
      |                                           ^
conftest.c:16:28: note: in expansion of macro 'LARGE_TIME_T'
   16 |   int verify_time_t_range[(LARGE_TIME_T / 65537 == 65535
      |                            ^~~~~~~~~~~~
conftest.c:15:43: warning: integer overflow in expression of type 'long int' results in '-1073741824' [-Woverflow]
   15 |     ((time_t) (((time_t) 1 << 30) - 1 + 3 * ((time_t) 1 << 30)))
      |                                           ^
conftest.c:17:31: note: in expansion of macro 'LARGE_TIME_T'
   17 |                            && LARGE_TIME_T % 65537 == 0)
      |                               ^~~~~~~~~~~~
conftest.c:16:7: error: variably modified 'verify_time_t_range' at file scope
   16 |   int verify_time_t_range[(LARGE_TIME_T / 65537 == 65535
      |       ^~~~~~~~~~~~~~~~~~~
configure:7624: $? = 1
configure: failed program was:
| /* confdefs.h */
| #define PACKAGE_NAME "Wine"
| #define PACKAGE_TARNAME "wine"
| #define PACKAGE_VERSION "10.0"
| #define PACKAGE_STRING "Wine 10.0"
| #define PACKAGE_BUGREPORT "wine-devel@winehq.org"
| #define PACKAGE_URL "https://www.winehq.org"
| #define EXEEXT ""
| #define _FILE_OFFSET_BITS 64
| /* end confdefs.h.  */
| 
|   #include <time.h>
|   /* Check that time_t can represent 2**32 - 1 correctly.  */
|   #define LARGE_TIME_T \
|     ((time_t) (((time_t) 1 << 30) - 1 + 3 * ((time_t) 1 << 30)))
|   int verify_time_t_range[(LARGE_TIME_T / 65537 == 65535
|                            && LARGE_TIME_T % 65537 == 0)
|                           ? 1 : -1];
| 
| int
| main (void)
| {
| 
|   ;
|   return 0;
| }
configure:7624: gcc -m32 -c -g -O2  -D_TIME_BITS=64 conftest.c >&5
configure:7624: $? = 0
configure:7636: result: -D_TIME_BITS=64
configure:7702: checking for stdio.h
configure:7702: gcc -m32 -c -g -O2  conftest.c >&5
configure:7702: $? = 0
configure:7702: result: yes
configure:7702: checking for stdlib.h
configure:7702: gcc -m32 -c -g -O2  conftest.c >&5
configure:7702: $? = 0
configure:7702: result: yes
configure:7702: checking for string.h
configure:7702: gcc -m32 -c -g -O2  conftest.c >&5
configure:7702: $? = 0
configure:7702: result: yes
configure:7702: checking for inttypes.h
configure:7702: gcc -m32 -c -g -O2  conftest.c >&5
configure:7702: $? = 0
configure:7702: result: yes
configure:7702: checking for stdint.h
configure:7702: gcc -m32 -c -g -O2  conftest.c >&5
configure:7702: $? = 0
configure:7702: result: yes
configure:7702: checking for strings.h
configure:7702: gcc -m32 -c -g -O2  conftest.c >&5
configure:7702: $? = 0
configure:7702: result: yes
configure:7702: checking for sys/stat.h
configure:7702: gcc -m32 -c -g -O2  conftest.c >&5
configure:7702: $? = 0
configure:7702: result: yes
configure:7702: checking for sys/types.h
configure:7702: gcc -m32 -c -g -O2  conftest.c >&5
configure:7702: $? = 0
configure:7702: result: yes
configure:7702: checking for unistd.h
configure:7702: gcc -m32 -c -g -O2  conftest.c >&5
configure:7702: $? = 0
configure:7702: result: yes
configure:7727: checking for CL/cl.h
configure:7727: gcc -m32 -c -g -O2  conftest.c >&5
In file included from /usr/include/CL/cl.h:20,
                 from conftest.c:50:
/usr/include/CL/cl_version.h:22:9: note: '#pragma message: cl_version.h: CL_TARGET_OPENCL_VERSION is not defined. Defaulting to 300 (OpenCL 3.0)'
   22 | #pragma message("cl_version.h: CL_TARGET_OPENCL_VERSION is not defined. Defaulting to 300 (OpenCL 3.0)")
      |         ^~~~~~~
configure:7727: $? = 0
configure:7727: result: yes
configure:7733: checking for EGL/egl.h
configure:7733: gcc -m32 -c -g -O2  conftest.c >&5
configure:7733: $? = 0
configure:7733: result: yes
configure:7739: checking for OpenCL/opencl.h
configure:7739: gcc -m32 -c -g -O2  conftest.c >&5
conftest.c:52:10: fatal error: OpenCL/opencl.h: No such file or directory
   52 | #include <OpenCL/opencl.h>
      |          ^~~~~~~~~~~~~~~~~
compilation terminated.
configure:7739: $? = 1
configure: failed program was:
| /* confdefs.h */
| #define PACKAGE_NAME "Wine"
| #define PACKAGE_TARNAME "wine"
| #define PACKAGE_VERSION "10.0"
| #define PACKAGE_STRING "Wine 10.0"
| #define PACKAGE_BUGREPORT "wine-devel@winehq.org"
| #define PACKAGE_URL "https://www.winehq.org"
| #define EXEEXT ""
| #define _FILE_OFFSET_BITS 64
| #define _TIME_BITS 64
| #define HAVE_STDIO_H 1
| #define HAVE_STDLIB_H 1
| #define HAVE_STRING_H 1
| #define HAVE_INTTYPES_H 1
| #define HAVE_STDINT_H 1
| #define HAVE_STRINGS_H 1
| #define HAVE_SYS_STAT_H 1
| #define HAVE_SYS_TYPES_H 1
| #define HAVE_UNISTD_H 1
| #define STDC_HEADERS 1
| #define HAVE_CL_CL_H 1
| #define HAVE_EGL_EGL_H 1
| /* end confdefs.h.  */
| #include <stddef.h>
| #ifdef HAVE_STDIO_H
| # include <stdio.h>
| #endif
| #ifdef HAVE_STDLIB_H
| # include <stdlib.h>
| #endif
| #ifdef HAVE_STRING_H
| # include <string.h>
| #endif
| #ifdef HAVE_INTTYPES_H
| # include <inttypes.h>
| #endif
| #ifdef HAVE_STDINT_H
| # include <stdint.h>
| #endif
| #ifdef HAVE_STRINGS_H
| # include <strings.h>
| #endif
| #ifdef HAVE_SYS_TYPES_H
| # include <sys/types.h>
| #endif
| #ifdef HAVE_SYS_STAT_H
| # include <sys/stat.h>
| #endif
| #ifdef HAVE_UNISTD_H
| # include <unistd.h>
| #endif
| #include <OpenCL/opencl.h>
configure:7739: result: no
configure:7745: checking for arpa/inet.h
configure:7745: gcc -m32 -c -g -O2  conftest.c >&5

## ---------------- ##
## Cache variables. ##
## ---------------- ##

ac_cv_build=x86_64-pc-linux-gnu
ac_cv_c_compiler_gnu=yes
ac_cv_cxx_compiler_gnu=yes
ac_cv_env_CAPI20_CFLAGS_set=
ac_cv_env_CAPI20_CFLAGS_value=
ac_cv_env_CAPI20_LIBS_set=
ac_cv_env_CAPI20_LIBS_value=
ac_cv_env_CAPSTONE_PE_CFLAGS_set=
ac_cv_env_CAPSTONE_PE_CFLAGS_value=
ac_cv_env_CAPSTONE_PE_LIBS_set=
ac_cv_env_CAPSTONE_PE_LIBS_value=
ac_cv_env_CCC_set=
ac_cv_env_CCC_value=
ac_cv_env_CC_set=
ac_cv_env_CC_value=
ac_cv_env_CFLAGS_set=
ac_cv_env_CFLAGS_value=
ac_cv_env_CPPFLAGS_set=
ac_cv_env_CPPFLAGS_value=
ac_cv_env_CPP_set=
ac_cv_env_CPP_value=
ac_cv_env_CUPS_CFLAGS_set=
ac_cv_env_CUPS_CFLAGS_value=
ac_cv_env_CUPS_LIBS_set=
ac_cv_env_CUPS_LIBS_value=
ac_cv_env_CXXFLAGS_set=
ac_cv_env_CXXFLAGS_value=
ac_cv_env_CXX_set=
ac_cv_env_CXX_value=
ac_cv_env_DBUS_CFLAGS_set=
ac_cv_env_DBUS_CFLAGS_value=
ac_cv_env_DBUS_LIBS_set=
ac_cv_env_DBUS_LIBS_value=
ac_cv_env_DRMAMDGPU_CFLAGS_set=
ac_cv_env_DRMAMDGPU_CFLAGS_value=
ac_cv_env_DRMAMDGPU_LIBS_set=
ac_cv_env_DRMAMDGPU_LIBS_value=
ac_cv_env_DRM_CFLAGS_set=
ac_cv_env_DRM_CFLAGS_value=
ac_cv_env_DRM_LIBS_set=
ac_cv_env_DRM_LIBS_value=
ac_cv_env_EGL_CFLAGS_set=
ac_cv_env_EGL_CFLAGS_value=
ac_cv_env_EGL_LIBS_set=
ac_cv_env_EGL_LIBS_value=
ac_cv_env_FAUDIO_PE_CFLAGS_set=
ac_cv_env_FAUDIO_PE_CFLAGS_value=
ac_cv_env_FAUDIO_PE_LIBS_set=
ac_cv_env_FAUDIO_PE_LIBS_value=
ac_cv_env_FFMPEG_CFLAGS_set=
ac_cv_env_FFMPEG_CFLAGS_value=
ac_cv_env_FFMPEG_LIBS_set=
ac_cv_env_FFMPEG_LIBS_value=
ac_cv_env_FLUIDSYNTH_PE_CFLAGS_set=
ac_cv_env_FLUIDSYNTH_PE_CFLAGS_value=
ac_cv_env_FLUIDSYNTH_PE_LIBS_set=
ac_cv_env_FLUIDSYNTH_PE_LIBS_value=
ac_cv_env_FONTCONFIG_CFLAGS_set=
ac_cv_env_FONTCONFIG_CFLAGS_value=
ac_cv_env_FONTCONFIG_LIBS_set=
ac_cv_env_FONTCONFIG_LIBS_value=
ac_cv_env_FREETYPE_CFLAGS_set=
ac_cv_env_FREETYPE_CFLAGS_value=
ac_cv_env_FREETYPE_LIBS_set=
ac_cv_env_FREETYPE_LIBS_value=
ac_cv_env_GCRYPT_CFLAGS_set=
ac_cv_env_GCRYPT_CFLAGS_value=
ac_cv_env_GCRYPT_LIBS_set=
ac_cv_env_GCRYPT_LIBS_value=
ac_cv_env_GMP_CFLAGS_set=
ac_cv_env_GMP_CFLAGS_value=
ac_cv_env_GMP_LIBS_set=
ac_cv_env_GMP_LIBS_value=
ac_cv_env_GNUTLS_CFLAGS_set=
ac_cv_env_GNUTLS_CFLAGS_value=
ac_cv_env_GNUTLS_LIBS_set=
ac_cv_env_GNUTLS_LIBS_value=
ac_cv_env_GPHOTO2_CFLAGS_set=
ac_cv_env_GPHOTO2_CFLAGS_value=
ac_cv_env_GPHOTO2_LIBS_set=
ac_cv_env_GPHOTO2_LIBS_value=
ac_cv_env_GPHOTO2_PORT_CFLAGS_set=
ac_cv_env_GPHOTO2_PORT_CFLAGS_value=
ac_cv_env_GPHOTO2_PORT_LIBS_set=
ac_cv_env_GPHOTO2_PORT_LIBS_value=
ac_cv_env_GSM_PE_CFLAGS_set=
ac_cv_env_GSM_PE_CFLAGS_value=
ac_cv_env_GSM_PE_LIBS_set=
ac_cv_env_GSM_PE_LIBS_value=
ac_cv_env_GSSAPI_CFLAGS_set=
ac_cv_env_GSSAPI_CFLAGS_value=
ac_cv_env_GSSAPI_LIBS_set=
ac_cv_env_GSSAPI_LIBS_value=
ac_cv_env_GSTREAMER_CFLAGS_set=
ac_cv_env_GSTREAMER_CFLAGS_value=
ac_cv_env_GSTREAMER_LIBS_set=
ac_cv_env_GSTREAMER_LIBS_value=
ac_cv_env_INOTIFY_CFLAGS_set=
ac_cv_env_INOTIFY_CFLAGS_value=
ac_cv_env_INOTIFY_LIBS_set=
ac_cv_env_INOTIFY_LIBS_value=
ac_cv_env_JPEG_PE_CFLAGS_set=
ac_cv_env_JPEG_PE_CFLAGS_value=
ac_cv_env_JPEG_PE_LIBS_set=
ac_cv_env_JPEG_PE_LIBS_value=
ac_cv_env_JXR_PE_CFLAGS_set=
ac_cv_env_JXR_PE_CFLAGS_value=
ac_cv_env_JXR_PE_LIBS_set=
ac_cv_env_JXR_PE_LIBS_value=
ac_cv_env_KRB5_CFLAGS_set=
ac_cv_env_KRB5_CFLAGS_value=
ac_cv_env_KRB5_LIBS_set=
ac_cv_env_KRB5_LIBS_value=
ac_cv_env_LCMS2_PE_CFLAGS_set=
ac_cv_env_LCMS2_PE_CFLAGS_value=
ac_cv_env_LCMS2_PE_LIBS_set=
ac_cv_env_LCMS2_PE_LIBS_value=
ac_cv_env_LDAP_PE_CFLAGS_set=
ac_cv_env_LDAP_PE_CFLAGS_value=
ac_cv_env_LDAP_PE_LIBS_set=
ac_cv_env_LDAP_PE_LIBS_value=
ac_cv_env_LDFLAGS_set=
ac_cv_env_LDFLAGS_value=
ac_cv_env_LIBS_set=
ac_cv_env_LIBS_value=
ac_cv_env_MPG123_PE_CFLAGS_set=
ac_cv_env_MPG123_PE_CFLAGS_value=
ac_cv_env_MPG123_PE_LIBS_set=
ac_cv_env_MPG123_PE_LIBS_value=
ac_cv_env_MUSL_PE_CFLAGS_set=
ac_cv_env_MUSL_PE_CFLAGS_value=
ac_cv_env_MUSL_PE_LIBS_set=
ac_cv_env_MUSL_PE_LIBS_value=
ac_cv_env_NETAPI_CFLAGS_set=
ac_cv_env_NETAPI_CFLAGS_value=
ac_cv_env_NETAPI_LIBS_set=
ac_cv_env_NETAPI_LIBS_value=
ac_cv_env_OBJCFLAGS_set=
ac_cv_env_OBJCFLAGS_value=
ac_cv_env_OBJC_set=
ac_cv_env_OBJC_value=
ac_cv_env_PIPER_CFLAGS_set=
ac_cv_env_PIPER_CFLAGS_value=
ac_cv_env_PIPER_LIBS_set=
ac_cv_env_PIPER_LIBS_value=
ac_cv_env_PNG_PE_CFLAGS_set=
ac_cv_env_PNG_PE_CFLAGS_value=
ac_cv_env_PNG_PE_LIBS_set=
ac_cv_env_PNG_PE_LIBS_value=
ac_cv_env_PULSE_CFLAGS_set=
ac_cv_env_PULSE_CFLAGS_value=
ac_cv_env_PULSE_LIBS_set=
ac_cv_env_PULSE_LIBS_value=
ac_cv_env_SANE_CFLAGS_set=
ac_cv_env_SANE_CFLAGS_value=
ac_cv_env_SANE_LIBS_set=
ac_cv_env_SANE_LIBS_value=
ac_cv_env_SDL2_CFLAGS_set=
ac_cv_env_SDL2_CFLAGS_value=
ac_cv_env_SDL2_LIBS_set=
ac_cv_env_SDL2_LIBS_value=
ac_cv_env_TIFF_PE_CFLAGS_set=
ac_cv_env_TIFF_PE_CFLAGS_value=
ac_cv_env_TIFF_PE_LIBS_set=
ac_cv_env_TIFF_PE_LIBS_value=
ac_cv_env_TOMCRYPT_PE_CFLAGS_set=
ac_cv_env_TOMCRYPT_PE_CFLAGS_value=
ac_cv_env_TOMCRYPT_PE_LIBS_set=
ac_cv_env_TOMCRYPT_PE_LIBS_value=
ac_cv_env_UDEV_CFLAGS_set=
ac_cv_env_UDEV_CFLAGS_value=
ac_cv_env_UDEV_LIBS_set=
ac_cv_env_UDEV_LIBS_value=
ac_cv_env_UNWIND_CFLAGS_set=
ac_cv_env_UNWIND_CFLAGS_value=
ac_cv_env_UNWIND_LIBS_set=
ac_cv_env_UNWIND_LIBS_value=
ac_cv_env_USB_CFLAGS_set=
ac_cv_env_USB_CFLAGS_value=
ac_cv_env_USB_LIBS_set=
ac_cv_env_USB_LIBS_value=
ac_cv_env_VKD3D_PE_CFLAGS_set=
ac_cv_env_VKD3D_PE_CFLAGS_value=
ac_cv_env_VKD3D_PE_LIBS_set=
ac_cv_env_VKD3D_PE_LIBS_value=
ac_cv_env_WAYLAND_CLIENT_CFLAGS_set=
ac_cv_env_WAYLAND_CLIENT_CFLAGS_value=
ac_cv_env_WAYLAND_CLIENT_LIBS_set=
ac_cv_env_WAYLAND_CLIENT_LIBS_value=
ac_cv_env_WAYLAND_EGL_CFLAGS_set=
ac_cv_env_WAYLAND_EGL_CFLAGS_value=
ac_cv_env_WAYLAND_EGL_LIBS_set=
ac_cv_env_WAYLAND_EGL_LIBS_value=
ac_cv_env_XKBCOMMON_CFLAGS_set=
ac_cv_env_XKBCOMMON_CFLAGS_value=
ac_cv_env_XKBCOMMON_LIBS_set=
ac_cv_env_XKBCOMMON_LIBS_value=
ac_cv_env_XKBREGISTRY_CFLAGS_set=
ac_cv_env_XKBREGISTRY_CFLAGS_value=
ac_cv_env_XKBREGISTRY_LIBS_set=
ac_cv_env_XKBREGISTRY_LIBS_value=
ac_cv_env_XMKMF_set=
ac_cv_env_XMKMF_value=
ac_cv_env_XML2_PE_CFLAGS_set=
ac_cv_env_XML2_PE_CFLAGS_value=
ac_cv_env_XML2_PE_LIBS_set=
ac_cv_env_XML2_PE_LIBS_value=
ac_cv_env_XSLT_PE_CFLAGS_set=
ac_cv_env_XSLT_PE_CFLAGS_value=
ac_cv_env_XSLT_PE_LIBS_set=
ac_cv_env_XSLT_PE_LIBS_value=
ac_cv_env_ZLIB_PE_CFLAGS_set=
ac_cv_env_ZLIB_PE_CFLAGS_value=
ac_cv_env_ZLIB_PE_LIBS_set=
ac_cv_env_ZLIB_PE_LIBS_value=
ac_cv_env_build_alias_set=
ac_cv_env_build_alias_value=
ac_cv_env_host_alias_set=
ac_cv_env_host_alias_value=
ac_cv_env_target_alias_set=
ac_cv_env_target_alias_value=
ac_cv_header_CL_cl_h=yes
ac_cv_header_EGL_egl_h=yes
ac_cv_header_OpenCL_opencl_h=no
ac_cv_header_inttypes_h=yes
ac_cv_header_stdint_h=yes
ac_cv_header_stdio_h=yes
ac_cv_header_stdlib_h=yes
ac_cv_header_string_h=yes
ac_cv_header_strings_h=yes
ac_cv_header_sys_stat_h=yes
ac_cv_header_sys_types_h=yes
ac_cv_header_unistd_h=yes
ac_cv_host=x86_64-pc-linux-gnu
ac_cv_lib_i386_i386_set_ldt=no
ac_cv_objext=o
ac_cv_prog_BISON=bison
ac_cv_prog_FLEX=flex
ac_cv_prog_MSGFMT=msgfmt
ac_cv_prog_PKG_CONFIG=pkg-config
ac_cv_prog_ac_ct_CC=gcc
ac_cv_prog_ac_ct_CPPBIN=cpp
ac_cv_prog_ac_ct_CXX=g++
ac_cv_prog_ac_ct_LD=ld
ac_cv_prog_ac_ct_STRIP=strip
ac_cv_prog_cc_c11=
ac_cv_prog_cc_g=yes
ac_cv_prog_cc_stdc=
ac_cv_prog_cxx_cxx11=
ac_cv_prog_cxx_g=yes
ac_cv_prog_cxx_stdcxx=
ac_cv_sys_largefile_opts=-D_FILE_OFFSET_BITS=64
ac_cv_sys_year2038_opts=-D_TIME_BITS=64
wine_cv_cc_m32=yes
wine_cv_msgfmt_contexts=yes
wine_cv_recent_bison=yes
wine_cv_recent_flex=yes
wine_cv_toolsdir=

## ----------------- ##
## Output variables. ##
## ----------------- ##

ALSA_LIBS=''
APPKIT_LIBS=''
APPLICATIONSERVICES_LIBS=''
BISON='bison'
CAPI20_CFLAGS=''
CAPI20_LIBS=''
CAPSTONE_PE_CFLAGS=''
CAPSTONE_PE_LIBS=''
CARBON_LIBS=''
CC='gcc -m32'
CFLAGS='-g -O2'
CONFIGURE_TARGETS=''
CONVERT=''
COREAUDIO_LIBS=''
COREFOUNDATION_LIBS=''
CORESERVICES_LIBS=''
CPP=''
CPPBIN='cpp'
CPPFLAGS=''
CUPS_CFLAGS=''
CUPS_LIBS=''
CXX='g++ -m32'
CXXFLAGS='-g -O2'
DBUS_CFLAGS=''
DBUS_LIBS=''
DEFS=''
DELAYLOADFLAG=''
DISABLED_SUBDIRS=''
DISKARBITRATION_LIBS=''
DLLEXT=''
DLLFLAGS=''
DRMAMDGPU_CFLAGS=''
DRMAMDGPU_LIBS=''
DRM_CFLAGS=''
DRM_LIBS=''
ECHO_C=''
ECHO_N='-n'
ECHO_T=''
EGL_CFLAGS=''
EGL_LIBS=''
EXEEXT=''
EXTRACFLAGS=''
FAUDIO_PE_CFLAGS=''
FAUDIO_PE_LIBS=''
FFMPEG_CFLAGS=''
FFMPEG_LIBS=''
FLEX='flex'
FLUIDSYNTH_PE_CFLAGS=''
FLUIDSYNTH_PE_LIBS=''
FONTCONFIG_CFLAGS=''
FONTCONFIG_LIBS=''
FONTFORGE=''
FREETYPE_CFLAGS=''
FREETYPE_LIBS=''
GCRYPT_CFLAGS=''
GCRYPT_LIBS=''
GETTEXTPO_LIBS=''
GMP_CFLAGS=''
GMP_LIBS=''
GNUTLS_CFLAGS=''
GNUTLS_LIBS=''
GPHOTO2_CFLAGS=''
GPHOTO2_LIBS=''
GPHOTO2_PORT_CFLAGS=''
GPHOTO2_PORT_LIBS=''
GSM_PE_CFLAGS=''
GSM_PE_LIBS=''
GSSAPI_CFLAGS=''
GSSAPI_LIBS=''
GSTREAMER_CFLAGS=''
GSTREAMER_LIBS=''
HOST_ARCH='i386'
I386_LIBS=''
ICOTOOL=''
INOTIFY_CFLAGS=''
INOTIFY_LIBS=''
IOKIT_LIBS=''
JPEG_PE_CFLAGS=''
JPEG_PE_LIBS=''
JXR_PE_CFLAGS=''
JXR_PE_LIBS=''
KRB5_CFLAGS=''
KRB5_LIBS=''
LCMS2_PE_CFLAGS=''
LCMS2_PE_LIBS=''
LD='ld'
LDAP_PE_CFLAGS=''
LDAP_PE_LIBS=''
LDD=''
LDDLLFLAGS=''
LDEXECFLAGS=''
LDFLAGS=''
LIBOBJS=''
LIBS=''
LN_S='ln -s'
LTLIBOBJS=''
METAL_LIBS=''
MINGW_PKG_CONFIG=''
MPG123_PE_CFLAGS=''
MPG123_PE_LIBS=''
MSGFMT='msgfmt'
MSVCRTFLAGS=''
MUSL_PE_CFLAGS=''
MUSL_PE_LIBS=''
NETAPI_CFLAGS=''
NETAPI_LIBS=''
OBJC=''
OBJCFLAGS=''
OBJEXT='o'
OPENCL_LIBS=''
OPENGL_LIBS=''
OSS4_CFLAGS=''
OSS4_LIBS=''
OTOOL=''
PACKAGE_BUGREPORT='wine-devel@winehq.org'
PACKAGE_NAME='Wine'
PACKAGE_STRING='Wine 10.0'
PACKAGE_TARNAME='wine'
PACKAGE_URL='https://www.winehq.org'
PACKAGE_VERSION='10.0'
PATH_SEPARATOR=':'
PCAP_LIBS=''
PCSCLITE_LIBS=''
PE_ARCHS=''
PIPER_CFLAGS=''
PIPER_LIBS=''
PKG_CONFIG='pkg-config'
PNG_PE_CFLAGS=''
PNG_PE_LIBS=''
PROCSTAT_LIBS=''
PTHREAD_LIBS=''
PULSE_CFLAGS=''
PULSE_LIBS=''
READELF=''
RESOLV_LIBS=''
RSVG=''
RT_LIBS=''
RUNTESTFLAGS='-q -P wine'
SANE_CFLAGS=''
SANE_LIBS=''
SARIF_CONVERTER=''
SDL2_CFLAGS=''
SDL2_LIBS=''
SECURITY_LIBS=''
SED_CMD='LC_ALL=C sed -e '\''s,@bindir@,${bindir},g'\'' -e '\''s,@PACKAGE_STRING@,Wine 10.0,g'\'' -e '\''s,@PACKAGE_VERSION@,10.0,g'\'''
SHELL='/bin/sh'
STRIP='strip'
SUBDIRS=''
SYSTEMCONFIGURATION_LIBS=''
TAGSFLAGS=''
TARGETFLAGS=' -m32'
TIFF_PE_CFLAGS=''
TIFF_PE_LIBS=''
TOMCRYPT_PE_CFLAGS=''
TOMCRYPT_PE_LIBS=''
TOP_INSTALL_DEV=''
TOP_INSTALL_LIB=''
UDEV_CFLAGS=''
UDEV_LIBS=''
UNIXDLLFLAGS=''
UNIXLDFLAGS=''
UNWIND_CFLAGS=''
UNWIND_LIBS=''
USB_CFLAGS=''
USB_LIBS=''
VKD3D_PE_CFLAGS=''
VKD3D_PE_LIBS=''
WAYLAND_CLIENT_CFLAGS=''
WAYLAND_CLIENT_LIBS=''
WAYLAND_EGL_CFLAGS=''
WAYLAND_EGL_LIBS=''
WAYLAND_SCANNER=''
WINELOADER_DEPENDS=''
WINELOADER_LDFLAGS=''
WINELOADER_PROGRAMS=''
WINEPRELOADER_LDFLAGS=''
XKBCOMMON_CFLAGS=''
XKBCOMMON_LIBS=''
XKBREGISTRY_CFLAGS=''
XKBREGISTRY_LIBS=''
XMKMF=''
XML2_PE_CFLAGS=''
XML2_PE_LIBS=''
XSLT_PE_CFLAGS=''
XSLT_PE_LIBS=''
X_CFLAGS=''
X_LIBS=''
ZLIB_PE_CFLAGS=''
ZLIB_PE_LIBS=''
aarch64_CC=''
aarch64_CFLAGS=''
aarch64_CXXFLAGS=''
aarch64_DEBUG=''
aarch64_DELAYLOADFLAG=''
aarch64_DISABLED_SUBDIRS=''
aarch64_EXTRACFLAGS=''
aarch64_LDFLAGS=''
aarch64_STRIP=''
aarch64_TARGET=''
ac_ct_CC='gcc'
ac_ct_CXX='g++'
ac_ct_OBJC=''
arm64ec_CC=''
arm64ec_CFLAGS=''
arm64ec_CXXFLAGS=''
arm64ec_DEBUG=''
arm64ec_DELAYLOADFLAG=''
arm64ec_DISABLED_SUBDIRS=''
arm64ec_EXTRACFLAGS=''
arm64ec_LDFLAGS=''
arm64ec_STRIP=''
arm64ec_TARGET=''
arm_CC=''
arm_CFLAGS=''
arm_CXXFLAGS=''
arm_DEBUG=''
arm_DELAYLOADFLAG=''
arm_DISABLED_SUBDIRS=''
arm_EXTRACFLAGS=''
arm_LDFLAGS=''
arm_STRIP=''
arm_TARGET=''
bindir='${exec_prefix}/bin'
build='x86_64-pc-linux-gnu'
build_alias=''
build_cpu='x86_64'
build_os='linux-gnu'
build_vendor='pc'
datadir='${datarootdir}'
datarootdir='${prefix}/share'
docdir='${datarootdir}/doc/${PACKAGE_TARNAME}'
dvidir='${docdir}'
exec_prefix='NONE'
host='x86_64-pc-linux-gnu'
host_alias=''
host_cpu='i386'
host_os='linux-gnu'
host_vendor='pc'
htmldir='${docdir}'
i386_CC=''
i386_CFLAGS=''
i386_CXXFLAGS=''
i386_DEBUG=''
i386_DELAYLOADFLAG=''
i386_DISABLED_SUBDIRS=''
i386_EXTRACFLAGS=''
i386_LDFLAGS=''
i386_STRIP=''
i386_TARGET=''
includedir='${prefix}/include'
infodir='${datarootdir}/info'
libdir='${exec_prefix}/lib'
libexecdir='${exec_prefix}/libexec'
localedir='${datarootdir}/locale'
localstatedir='${prefix}/var'
mandir='${datarootdir}/man'
oldincludedir='/usr/include'
pdfdir='${docdir}'
prefix='NONE'
program_transform_name='s,x,x,'
psdir='${docdir}'
runstatedir='${localstatedir}/run'
sbindir='${exec_prefix}/sbin'
sharedstatedir='${prefix}/com'
srcdir='.'
sysconfdir='${prefix}/etc'
system_dllpath=''
target_alias=''
toolsdir=''
toolsext=''
x86_64_CC=''
x86_64_CFLAGS=''
x86_64_CXXFLAGS=''
x86_64_DEBUG=''
x86_64_DELAYLOADFLAG=''
x86_64_DISABLED_SUBDIRS=''
x86_64_EXTRACFLAGS=''
x86_64_LDFLAGS=''
x86_64_STRIP=''
x86_64_TARGET=''

## ----------- ##
## confdefs.h. ##
## ----------- ##

/* confdefs.h */
#define PACKAGE_NAME "Wine"
#define PACKAGE_TARNAME "wine"
#define PACKAGE_VERSION "10.0"
#define PACKAGE_STRING "Wine 10.0"
#define PACKAGE_BUGREPORT "wine-devel@winehq.org"
#define PACKAGE_URL "https://www.winehq.org"
#define EXEEXT ""
#define _FILE_OFFSET_BITS 64
#define _TIME_BITS 64
#define HAVE_STDIO_H 1
#define HAVE_STDLIB_H 1
#define HAVE_STRING_H 1
#define HAVE_INTTYPES_H 1
#define HAVE_STDINT_H 1
#define HAVE_STRINGS_H 1
#define HAVE_SYS_STAT_H 1
#define HAVE_SYS_TYPES_H 1
#define HAVE_UNISTD_H 1
#define STDC_HEADERS 1
#define HAVE_CL_CL_H 1
#define HAVE_EGL_EGL_H 1

configure: caught signal 2
configure: exit 1
